// Jest Snapshot v1, https://goo.gl/fbAQLP

exports[`Images to video stream Should convert images to video: mp4 1`] = `"jE/kbhnyiz80ABTqh0+5ttxUyVxi0tCHE9pXwOjEgOg="`;

exports[`Images to video stream Should convert images to video: wmv 1`] = `"gzR9E/1x/BPCMIXDu+JNMxTLJB3d+buVDN9Kw+roFYg="`;
