// Jest Snapshot v1, https://goo.gl/fbAQLP

exports[`Images to video buffer Should convert images to video: mp4 1`] = `"AKHjsvydqRbey3u7/qiVx63u71/m1N+ZB2UKn2X31CM="`;
